// Jest Snapshot v1, https://goo.gl/fbAQLP

exports[`Render Catalog Render Catalog with 0 shown movie Should Catalog render correctly 1`] = `
<section
  className="catalog"
>
  <h2
    className="catalog__title visually-hidden"
  >
    Catalog
  </h2>
  <ul
    className="catalog__genres-list"
  >
    <li
      className="catalog__genres-item catalog__genres-item--active"
      onClick={[Function]}
    >
      <a
        className="catalog__genres-link"
        href="#"
        onClick={[Function]}
      >
        All genres
      </a>
    </li>
  </ul>
  <div
    className="catalog__movies-list"
  />
  <div
    className="catalog__more"
  />
</section>
`;

exports[`Render Catalog Render Catalog with 1 shown movie Should Catalog render correctly 1`] = `
<section
  className="catalog"
>
  <h2
    className="catalog__title visually-hidden"
  >
    Catalog
  </h2>
  <ul
    className="catalog__genres-list"
  >
    <li
      className="catalog__genres-item catalog__genres-item--active"
      onClick={[Function]}
    >
      <a
        className="catalog__genres-link"
        href="#"
        onClick={[Function]}
      >
        All genres
      </a>
    </li>
    <li
      className="catalog__genres-item"
      onClick={[Function]}
    >
      <a
        className="catalog__genres-link"
        href="#"
        onClick={[Function]}
      >
        Crime
      </a>
    </li>
    <li
      className="catalog__genres-item"
      onClick={[Function]}
    >
      <a
        className="catalog__genres-link"
        href="#"
        onClick={[Function]}
      >
        Drama
      </a>
    </li>
  </ul>
  <div
    className="catalog__movies-list"
  >
    <article
      className="small-movie-card catalog__movies-card"
      onClick={[Function]}
      onMouseEnter={[Function]}
      onMouseLeave={[Function]}
    >
      <div
        className="small-movie-card__image"
      >
        <video
          className="player__video"
          muted={true}
          poster="https://cdn.pixabay.com/photo/2020/11/16/16/13/trees-5749406_960_720.jpg"
          src="https://download.blender.org/durian/trailer/sintel_trailer-480p.mp4"
        />
      </div>
      <h3
        className="small-movie-card__title"
      >
        <a
          className="small-movie-card__link"
          href="#"
          onClick={[Function]}
        >
          El Camino: A Breaking Bad Movie
        </a>
      </h3>
    </article>
  </div>
  <div
    className="catalog__more"
  >
    <button
      className="catalog__button"
      onClick={[Function]}
      type="button"
    >
      Show more
    </button>
  </div>
</section>
`;

exports[`Render Catalog Render Catalog with 2 shown movies Should Catalog render correctly 1`] = `
<section
  className="catalog"
>
  <h2
    className="catalog__title visually-hidden"
  >
    Catalog
  </h2>
  <ul
    className="catalog__genres-list"
  >
    <li
      className="catalog__genres-item catalog__genres-item--active"
      onClick={[Function]}
    >
      <a
        className="catalog__genres-link"
        href="#"
        onClick={[Function]}
      >
        All genres
      </a>
    </li>
    <li
      className="catalog__genres-item"
      onClick={[Function]}
    >
      <a
        className="catalog__genres-link"
        href="#"
        onClick={[Function]}
      >
        Crime
      </a>
    </li>
    <li
      className="catalog__genres-item"
      onClick={[Function]}
    >
      <a
        className="catalog__genres-link"
        href="#"
        onClick={[Function]}
      >
        Drama
      </a>
    </li>
  </ul>
  <div
    className="catalog__movies-list"
  >
    <article
      className="small-movie-card catalog__movies-card"
      onClick={[Function]}
      onMouseEnter={[Function]}
      onMouseLeave={[Function]}
    >
      <div
        className="small-movie-card__image"
      >
        <video
          className="player__video"
          muted={true}
          poster="https://cdn.pixabay.com/photo/2020/11/16/16/13/trees-5749406_960_720.jpg"
          src="https://download.blender.org/durian/trailer/sintel_trailer-480p.mp4"
        />
      </div>
      <h3
        className="small-movie-card__title"
      >
        <a
          className="small-movie-card__link"
          href="#"
          onClick={[Function]}
        >
          El Camino: A Breaking Bad Movie
        </a>
      </h3>
    </article>
    <article
      className="small-movie-card catalog__movies-card"
      onClick={[Function]}
      onMouseEnter={[Function]}
      onMouseLeave={[Function]}
    >
      <div
        className="small-movie-card__image"
      >
        <video
          className="player__video"
          muted={true}
          poster="https://cdn.pixabay.com/photo/2020/11/16/16/13/trees-5749406_960_720.jpg"
          src="https://download.blender.org/durian/trailer/sintel_trailer-480p.mp4"
        />
      </div>
      <h3
        className="small-movie-card__title"
      >
        <a
          className="small-movie-card__link"
          href="#"
          onClick={[Function]}
        >
          The Dark Knight
        </a>
      </h3>
    </article>
  </div>
  <div
    className="catalog__more"
  />
</section>
`;
