// Jest Snapshot v1, https://goo.gl/fbAQLP

exports[`Render Breadcrumbs Should Breadcrumbs to store render correctly 1`] = `
<nav
  className="breadcrumbs"
>
  <ul
    className="breadcrumbs__list"
  >
    <li
      className="breadcrumbs__item"
    >
      <a
        className="breadcrumbs__link"
        href="/films/1"
        onClick={[Function]}
      >
        El Camino: A Breaking Bad Movie
      </a>
    </li>
    <li
      className="breadcrumbs__item"
    >
      <a
        className="breadcrumbs__link"
      >
        Add review
      </a>
    </li>
  </ul>
</nav>
`;
