// Jest Snapshot v1, https://goo.gl/fbAQLP

exports[`Render PreviewVideoPlayer Render PreviewVideoPlayer 1`] = `
<video
  className="player__video"
  muted={true}
  poster="poster.jpg"
  src="src.avi"
/>
`;
