// Jest Snapshot v1, https://goo.gl/fbAQLP

exports[`Render ReviewPage Render ReviewPage 1`] = `
<section
  className="movie-card movie-card--full"
  style={
    Object {
      "backgroundColor": "#000000",
    }
  }
>
  <div
    className="movie-card__header"
  >
    <div
      className="movie-card__bg"
    >
      <img
        alt="El Camino: A Breaking Bad Movie"
        src="https://cdn.pixabay.com/photo/2020/11/16/16/05/hoverfly-5749361_960_720.jpg"
      />
    </div>
    <h1
      className="visually-hidden"
    >
      WTW
    </h1>
    <header
      className="page-header movie-card__head"
    >
      <div
        className="logo"
      >
        <a
          className="logo__link"
          href="/"
          onClick={[Function]}
        >
          <span
            className="logo__letter logo__letter--1"
          >
            W
          </span>
          <span
            className="logo__letter logo__letter--2"
          >
            T
          </span>
          <span
            className="logo__letter logo__letter--3"
          >
            W
          </span>
        </a>
      </div>
      <nav
        className="breadcrumbs"
      >
        <ul
          className="breadcrumbs__list"
        >
          <li
            className="breadcrumbs__item"
          >
            <a
              className="breadcrumbs__link"
              href="/films/1"
              onClick={[Function]}
            >
              El Camino: A Breaking Bad Movie
            </a>
          </li>
          <li
            className="breadcrumbs__item"
          >
            <a
              className="breadcrumbs__link"
            >
              Add review
            </a>
          </li>
        </ul>
      </nav>
      <div
        className="user-block"
      >
        <a
          href="/mylist"
          onClick={[Function]}
        >
          <div
            className="user-block__avatar"
          >
            <img
              alt="User Name"
              height="63"
              src="https://cdn.pixabay.com/photo/2017/06/23/08/13/china-2433891_960_720.png"
              width="63"
            />
          </div>
        </a>
      </div>
    </header>
    <div
      className="movie-card__poster movie-card__poster--small"
    >
      <img
        alt="El Camino: A Breaking Bad Movie poster"
        height="327"
        src="https://cdn.pixabay.com/photo/2020/09/27/04/15/cat-5605615_960_720.jpg"
        width="218"
      />
    </div>
  </div>
  <div
    className="add-review"
  >
    <form
      action="#"
      className="add-review__form"
      onSubmit={[Function]}
    >
      <div
        className="rating"
      >
        <div
          className="rating__stars"
        >
          <input
            checked={false}
            className="rating__input"
            disabled={false}
            id="star-1"
            name="rating"
            onChange={[Function]}
            type="radio"
            value={1}
          />
          <label
            className="rating__label"
            htmlFor="star-1"
          >
            Rating 1
          </label>
          <input
            checked={false}
            className="rating__input"
            disabled={false}
            id="star-2"
            name="rating"
            onChange={[Function]}
            type="radio"
            value={2}
          />
          <label
            className="rating__label"
            htmlFor="star-2"
          >
            Rating 2
          </label>
          <input
            checked={true}
            className="rating__input"
            disabled={false}
            id="star-3"
            name="rating"
            onChange={[Function]}
            type="radio"
            value={3}
          />
          <label
            className="rating__label"
            htmlFor="star-3"
          >
            Rating 3
          </label>
          <input
            checked={false}
            className="rating__input"
            disabled={false}
            id="star-4"
            name="rating"
            onChange={[Function]}
            type="radio"
            value={4}
          />
          <label
            className="rating__label"
            htmlFor="star-4"
          >
            Rating 4
          </label>
          <input
            checked={false}
            className="rating__input"
            disabled={false}
            id="star-5"
            name="rating"
            onChange={[Function]}
            type="radio"
            value={5}
          />
          <label
            className="rating__label"
            htmlFor="star-5"
          >
            Rating 5
          </label>
        </div>
      </div>
      <div
        className="add-review__text"
      >
        <textarea
          className="add-review__textarea"
          disabled={false}
          id="review-text"
          name="commentText"
          onChange={[Function]}
          placeholder="Review text"
        />
        <div
          className="add-review__submit"
        >
          <button
            className="add-review__btn"
            disabled={true}
            type="submit"
          >
            Post
          </button>
        </div>
      </div>
    </form>
  </div>
</section>
`;
