// Jest Snapshot v1, https://goo.gl/fbAQLP

exports[`Render App Render App 1`] = `
Array [
  <h1>
    404.
    <br />
    <small>
      Page not found
    </small>
  </h1>,
  <a
    href="/"
    onClick={[Function]}
  >
    Go to main page
  </a>,
]
`;
