// Jest Snapshot v1, https://goo.gl/fbAQLP

exports[`Render PromoMoviePage Render PromoMoviePage (auth) 1`] = `
<section
  className="movie-card"
>
  <div
    className="movie-card__bg"
  >
    <img
      alt="El Camino: A Breaking Bad Movie"
      src="https://cdn.pixabay.com/photo/2020/11/16/16/05/hoverfly-5749361_960_720.jpg"
    />
  </div>
  <h1
    className="visually-hidden"
  >
    WTW
  </h1>
  <header
    className="page-header movie-card__head"
  >
    <div
      className="logo"
    >
      <div
        className="logo__link"
      >
        <span
          className="logo__letter logo__letter--1"
        >
          W
        </span>
        <span
          className="logo__letter logo__letter--2"
        >
          T
        </span>
        <span
          className="logo__letter logo__letter--3"
        >
          W
        </span>
      </div>
    </div>
    <div
      className="user-block"
    >
      <a
        href="/mylist"
        onClick={[Function]}
      >
        <div
          className="user-block__avatar"
        >
          <img
            alt="User Name"
            height="63"
            src="https://cdn.pixabay.com/photo/2017/06/23/08/13/china-2433891_960_720.png"
            width="63"
          />
        </div>
      </a>
    </div>
  </header>
  <div
    className="movie-card__wrap"
  >
    <div
      className="movie-card__info"
    >
      <div
        className="movie-card__poster"
      >
        <img
          alt="El Camino: A Breaking Bad Movie poster"
          height="327"
          src="https://cdn.pixabay.com/photo/2020/09/27/04/15/cat-5605615_960_720.jpg"
          width="218"
        />
      </div>
      <div
        className="movie-card__desc"
      >
        <h2
          className="movie-card__title"
        >
          El Camino: A Breaking Bad Movie
        </h2>
        <p
          className="movie-card__meta"
        >
          <span
            className="movie-card__genre"
          >
            Drama
          </span>
          <span
            className="movie-card__year"
          >
            2019
          </span>
        </p>
        <div
          className="movie-card__buttons"
        >
          <a
            className="btn btn--play movie-card__button"
            href="/player/1"
            onClick={[Function]}
            type="button"
          >
            <svg
              height="19"
              viewBox="0 0 19 19"
              width="19"
            >
              <use
                xlinkHref="#play-s"
              />
            </svg>
            <span>
              Play
            </span>
          </a>
          <button
            className="btn btn--list movie-card__button"
            onClick={[Function]}
            type="button"
          >
            <svg
              height="14"
              viewBox="0 0 18 14"
              width="18"
            >
              <use
                xlinkHref="#in-list"
              />
            </svg>
            <span>
              My list
            </span>
          </button>
        </div>
      </div>
    </div>
  </div>
</section>
`;

exports[`Render PromoMoviePage Render PromoMoviePage (no auth) 1`] = `
<section
  className="movie-card"
>
  <div
    className="movie-card__bg"
  >
    <img
      alt="El Camino: A Breaking Bad Movie"
      src="https://cdn.pixabay.com/photo/2020/11/16/16/05/hoverfly-5749361_960_720.jpg"
    />
  </div>
  <h1
    className="visually-hidden"
  >
    WTW
  </h1>
  <header
    className="page-header movie-card__head"
  >
    <div
      className="logo"
    >
      <div
        className="logo__link"
      >
        <span
          className="logo__letter logo__letter--1"
        >
          W
        </span>
        <span
          className="logo__letter logo__letter--2"
        >
          T
        </span>
        <span
          className="logo__letter logo__letter--3"
        >
          W
        </span>
      </div>
    </div>
    <div
      className="user-block"
    >
      <a
        className="user-block__link"
        href="/login"
        onClick={[Function]}
      >
        Sign In
      </a>
    </div>
  </header>
  <div
    className="movie-card__wrap"
  >
    <div
      className="movie-card__info"
    >
      <div
        className="movie-card__poster"
      >
        <img
          alt="El Camino: A Breaking Bad Movie poster"
          height="327"
          src="https://cdn.pixabay.com/photo/2020/09/27/04/15/cat-5605615_960_720.jpg"
          width="218"
        />
      </div>
      <div
        className="movie-card__desc"
      >
        <h2
          className="movie-card__title"
        >
          El Camino: A Breaking Bad Movie
        </h2>
        <p
          className="movie-card__meta"
        >
          <span
            className="movie-card__genre"
          >
            Drama
          </span>
          <span
            className="movie-card__year"
          >
            2019
          </span>
        </p>
        <div
          className="movie-card__buttons"
        >
          <a
            className="btn btn--play movie-card__button"
            href="/player/1"
            onClick={[Function]}
            type="button"
          >
            <svg
              height="19"
              viewBox="0 0 19 19"
              width="19"
            >
              <use
                xlinkHref="#play-s"
              />
            </svg>
            <span>
              Play
            </span>
          </a>
        </div>
      </div>
    </div>
  </div>
</section>
`;
